C:\Mes Sites 
Web\onto universal\o
ntooriginal\test-pay
in.ps1 : Failed! 
Status: Le serveur 
distant a retourné 
une erreur: (500) 
Erreur interne du 
serveur.
Au caractère 
Ligne:1 : 1
+ .\test-payin.ps1 
*>&1 > test-log.txt
+ ~~~~~~~~~~~~~~~~~~
~~~~~~~~~~~~~~~~~~
    + CategoryInfo  
            : 
NotSpecified    : 
(:) [Write-Error]   
 , 
WriteErrorExcepti   
 on
    + 
FullyQualifiedErr   
 orId : 
Microsoft.Po    
werShell.Commands.W 
   
riteErrorException, 
   test-payin.ps1
 
